// Jest Snapshot v1, https://goo.gl/fbAQLP

exports[`ExportFileButton tests Renders a matching snapshot 1`] = `
<button
  className="button dark-blue button-primary link-button"
  onClick={[Function]}
>
  Export
</button>
`;
