// Jest Snapshot v1, https://goo.gl/fbAQLP

exports[`generateAdminBarMenuItem tests Renders a matching snapshot 1`] = `"<li id=\\"wp-admin-bar-new-cows\\"><a class=\\"ab-item\\" href=\\"post-new.php?post_type=cows\\">Cow</a></li>"`;
